// Jest Snapshot v1, https://goo.gl/fbAQLP

exports[`SideMenu component SideMenu: renders correctly 1`] = `
<div
  className=""
>
  <div
    className=""
  >
    <div />
  </div>
  <div
    className=""
  >
    Made By Kingdark
  </div>
</div>
`;
