// Jest Snapshot v1, https://goo.gl/fbAQLP

exports[`Menu component Menu: renders correctly 1`] = `
<div
  className=""
>
  <h4
    className=""
  >
    
  </h4>
  <p>
    
  </p>
</div>
`;
