// Jest Snapshot v1, https://goo.gl/fbAQLP

exports[`App component App: renders correctly 1`] = `
<div>
  <div
    className="container"
  >
    <div
      className="box twitter-header"
    >
      <div
        className="left-content"
      >
        <div
          className="brand-container"
        >
          <div
            className="circle brand"
          />
        </div>
        <div
          className="line-spliter"
        />
        <div
          className="button-container"
        >
          <div
            className="circle "
          />
          <div
            className="circle "
          />
          <div
            className="circle "
          />
          <div
            className="circle "
          />
        </div>
      </div>
      <div
        className="logo-content"
      />
      <div
        className="right-content"
      >
        <div
          className="search-bar"
        >
          <input
            className="search-box"
            type="text"
          />
        </div>
        <div
          className="brand-container"
        >
          <div
            className="circle "
          />
        </div>
      </div>
    </div>
    <div
      className="main"
    >
      <div
        className="center"
      >
        <div
          className="box menu"
        />
        <div
          className="box content"
        />
      </div>
    </div>
  </div>
  hello world 
</div>
`;
