// Jest Snapshot v1, https://goo.gl/fbAQLP

exports[`Circle component Circle: renders correctly 1`] = `
<div
  className="sperateBTN isFlex Center"
>
  <div
    className="cirBTN isFlex Center"
  />
</div>
`;
